// Jest Snapshot v1, https://goo.gl/fbAQLP

exports[`TransactionCarter should render the TransactionCarter properly 1`] = `undefined`;
